[    0.000000] Linux version 7.1.0-rc7-g6641100ef134 (yunwei37@lab) (gcc (Ubuntu 13.3.0-6ubuntu2~24.04.1) 13.3.0, GNU ld (GNU Binutils for Ubuntu) 2.42) #2 SMP PREEMPT_DYNAMIC Tue Jul 21 18:17:13 PDT 2026
[    0.000000] Command line: virtme_hostname=virtme-ng nr_open=1048576 virtme_initmount0=home/yunwei37/workspace/namei_ext virtme_rw_overlay0=/etc virtme_rw_overlay1=/lib virtme_rw_overlay2=/home virtme_rw_overlay3=/opt virtme_rw_overlay4=/srv virtme_rw_overlay5=/usr virtme_rw_overlay6=/var virtme_rw_overlay7=/tmp virtme_rw_overlay8=/tmp console=ttyS0 earlyprintk=serial,ttyS0,115200 quiet loglevel=0 panic=-1 virtme.exec=`bWFrZSAtQyAvaG9tZS95dW53ZWkzNy93b3Jrc3BhY2UvbmFtZWlfZXh0IF9fZXhwZXJpbWVudF9idWlsZF9jYWNoZV9tYXRyaXggRU5BQkxFX0xFR0FDWV9ESUFHTk9TVElDUz0xIFJVTl9JRD0yMDI2MDcyM1QtYnVpbGQtY2FjaGUtc3RhdGUtcmVsZWFzZS12MSBCVUlMRF9DQUNIRV9TQU1QTEVTPTIwIFc0X0NDQUNIRV9CVUxLX1BPTElDWV9DT01QSUxFX1NBTVBMRVM9MjAgVzRfQ0NBQ0hFX0JVTEtfTkFUSVZFX0NPTVBJTEVfU0FNUExFUz0yMCBXNF9DQ0FDSEVfQlVMS19GVVNFX0NPTVBJTEVfU0FNUExFUz0yMCBXNF9DQ0FDSEVfQlVMS19DQUNIRV9TVEFURV9TQU1QTEVTPTIwIFc0X0NDQUNIRV9CVUxLX0NBQ0hFX1NUQVRFX09CSkVDVFM9MTY=` virtme_chdir=home/yunwei37/workspace/namei_ext rootfstype=9p rootflags=version=9p2000.L,trans=virtio,access=any raid=
[    0.000000] x86/CPU: Model not found in latest microcode list
[    0.000000] x86/split lock detection: #DB: warning on user-space bus_locks
[    0.000000] BIOS-provided physical RAM map:
[    0.000000] BIOS-e820: [mem 0x0000000000000000-0x000000000009fbff]  System RAM
[    0.000000] BIOS-e820: [mem 0x000000000009fc00-0x000000000009ffff]  device reserved
[    0.000000] BIOS-e820: [gap 0x00000000000a0000-0x00000000000effff]
[    0.000000] BIOS-e820: [mem 0x00000000000f0000-0x00000000000fffff]  device reserved
[    0.000000] BIOS-e820: [mem 0x0000000000100000-0x00000000bffdffff]  System RAM
[    0.000000] BIOS-e820: [mem 0x00000000bffe0000-0x00000000bfffffff]  device reserved
[    0.000000] BIOS-e820: [gap 0x00000000c0000000-0x00000000feffbfff]
[    0.000000] BIOS-e820: [mem 0x00000000feffc000-0x00000000feffffff]  device reserved
[    0.000000] BIOS-e820: [gap 0x00000000ff000000-0x00000000fffbffff]
[    0.000000] BIOS-e820: [mem 0x00000000fffc0000-0x00000000ffffffff]  device reserved
[    0.000000] BIOS-e820: [mem 0x0000000100000000-0x000000023fffffff]  System RAM
[    0.000000] printk: legacy bootconsole [earlyser0] enabled
[    0.000000] NX (Execute Disable) protection: active
[    0.000000] APIC: Static calls initialized
[    0.000000] DMI: SMBIOS 2.8 present.
[    0.000000] DMI: QEMU Standard PC (i440FX + PIIX, 1996), BIOS rel-1.16.3-0-ga6ed6b701f0a-prebuilt.qemu.org 04/01/2014
[    0.000000] DMI: Memory slots populated: 1/1
[    0.000000] Hypervisor detected: KVM
[    0.000000] last_pfn = 0xbffe0 max_arch_pfn = 0x400000000
[    0.000000] kvm-clock: Using msrs 4b564d01 and 4b564d00
[    0.000000] kvm-clock: using sched offset of 374701911 cycles
[    0.000315] clocksource: kvm-clock: mask: 0xffffffffffffffff max_cycles: 0x1cd42e4dffb, max_idle_ns: 881590591483 ns
[    0.001292] tsc: Detected 3686.400 MHz processor
[    0.001702] e820: update [mem 0x00000000-0x00000fff] System RAM ==> device reserved
[    0.001705] e820: remove [mem 0x000a0000-0x000fffff] System RAM
[    0.001709] last_pfn = 0x240000 max_arch_pfn = 0x400000000
[    0.002080] MTRR map: 4 entries (3 fixed + 1 variable; max 19), built from 8 variable MTRRs
[    0.002582] x86/PAT: Configuration [0-7]: WB  WC  UC- UC  WB  WP  UC- WT  
[    0.003219] last_pfn = 0xbffe0 max_arch_pfn = 0x400000000
[    0.008792] found SMP MP-table at [mem 0x000f5440-0x000f544f]
[    0.009152] Using GB pages for direct mapping
[    0.012726] ACPI: Early table checksum verification disabled
[    0.013074] ACPI: RSDP 0x00000000000F5240 000014 (v00 BOCHS )
[    0.013424] ACPI: RSDT 0x00000000BFFE2443 000034 (v01 BOCHS  BXPC     00000001 BXPC 00000001)
[    0.014002] ACPI: FACP 0x00000000BFFE22DF 000074 (v01 BOCHS  BXPC     00000001 BXPC 00000001)
[    0.014517] ACPI: DSDT 0x00000000BFFE0040 00229F (v01 BOCHS  BXPC     00000001 BXPC 00000001)
[    0.015032] ACPI: FACS 0x00000000BFFE0000 000040
[    0.015312] ACPI: APIC 0x00000000BFFE2353 000090 (v03 BOCHS  BXPC     00000001 BXPC 00000001)
[    0.015827] ACPI: HPET 0x00000000BFFE23E3 000038 (v01 BOCHS  BXPC     00000001 BXPC 00000001)
[    0.016342] ACPI: WAET 0x00000000BFFE241B 000028 (v01 BOCHS  BXPC     00000001 BXPC 00000001)
[    0.016856] ACPI: Reserving FACP table memory at [mem 0xbffe22df-0xbffe2352]
[    0.017282] ACPI: Reserving DSDT table memory at [mem 0xbffe0040-0xbffe22de]
[    0.017706] ACPI: Reserving FACS table memory at [mem 0xbffe0000-0xbffe003f]
[    0.018131] ACPI: Reserving APIC table memory at [mem 0xbffe2353-0xbffe23e2]
[    0.018554] ACPI: Reserving HPET table memory at [mem 0xbffe23e3-0xbffe241a]
[    0.018978] ACPI: Reserving WAET table memory at [mem 0xbffe241b-0xbffe2442]
[    0.019571] No NUMA configuration found
[    0.019803] Faking a node at [mem 0x0000000000000000-0x000000023fffffff]
[    0.020209] NODE_DATA(0) allocated [mem 0x23fffa680-0x23fffdfff]
[    0.020883] ACPI: PM-Timer IO Port: 0x608
[    0.021133] ACPI: LAPIC_NMI (acpi_id[0xff] dfl dfl lint[0x1])
[    0.021504] IOAPIC[0]: apic_id 0, version 17, address 0xfec00000, GSI 0-23
[    0.021920] ACPI: INT_SRC_OVR (bus 0 bus_irq 0 global_irq 2 dfl dfl)
[    0.022304] ACPI: INT_SRC_OVR (bus 0 bus_irq 5 global_irq 5 high level)
[    0.022702] ACPI: INT_SRC_OVR (bus 0 bus_irq 9 global_irq 9 high level)
[    0.023101] ACPI: INT_SRC_OVR (bus 0 bus_irq 10 global_irq 10 high level)
[    0.023508] ACPI: INT_SRC_OVR (bus 0 bus_irq 11 global_irq 11 high level)
[    0.023918] ACPI: Using ACPI (MADT) for SMP configuration information
[    0.024306] ACPI: HPET id: 0x8086a201 base: 0xfed00000
[    0.024615] TSC deadline timer available
[    0.024851] CPU topo: Max. logical packages:   1
[    0.025130] CPU topo: Max. logical nodes:      1
[    0.025406] CPU topo: Num. nodes per package:  1
[    0.025683] CPU topo: Max. logical dies:       1
[    0.025961] CPU topo: Max. dies per package:   1
[    0.026238] CPU topo: Max. threads per core:   1
[    0.026514] CPU topo: Num. cores per package:     4
[    0.026806] CPU topo: Num. threads per package:   4
[    0.027099] CPU topo: Allowing 4 present CPUs plus 0 hotplug CPUs
[    0.027474] kvm-guest: APIC: eoi() replaced with kvm_guest_apic_eoi_write()
[    0.027905] kvm-guest: KVM setup pv remote TLB flush
[    0.028208] kvm-guest: setup PV sched yield
[    0.028465] PM: hibernation: Registered nosave memory: [mem 0x00000000-0x00000fff]
[    0.028921] PM: hibernation: Registered nosave memory: [mem 0x0009f000-0x000fffff]
[    0.029378] PM: hibernation: Registered nosave memory: [mem 0xbffe0000-0xffffffff]
[    0.029833] [gap 0xc0000000-0xfeffbfff] available for PCI devices
[    0.030201] Booting paravirtualized kernel on KVM
[    0.030484] clocksource: refined-jiffies: mask: 0xffffffff max_cycles: 0xffffffff, max_idle_ns: 1910969940391419 ns
[    0.036241] Zone ranges:
[    0.036396]   DMA      [mem 0x0000000000001000-0x0000000000ffffff]
[    0.036768]   DMA32    [mem 0x0000000001000000-0x00000000ffffffff]
[    0.037141]   Normal   [mem 0x0000000100000000-0x000000023fffffff]
[    0.037512] Movable zone start for each node
[    0.037768] Early memory node ranges
[    0.037984]   node   0: [mem 0x0000000000001000-0x000000000009efff]
[    0.038359]   node   0: [mem 0x0000000000100000-0x00000000bffdffff]
[    0.038734]   node   0: [mem 0x0000000100000000-0x000000023fffffff]
[    0.039111] Initmem setup node 0 [mem 0x0000000000001000-0x000000023fffffff]
[    0.041731] On node 0, zone DMA: 1 pages in unavailable ranges
[    0.042253] On node 0, zone DMA: 97 pages in unavailable ranges
[    0.136708] On node 0, zone Normal: 32 pages in unavailable ranges
[    0.137133] setup_percpu: NR_CPUS:64 nr_cpumask_bits:4 nr_cpu_ids:4 nr_node_ids:1
[    0.138514] percpu: Embedded 54 pages/cpu s183960 r8192 d29032 u524288
[    0.138916] pcpu-alloc: s183960 r8192 d29032 u524288 alloc=1*2097152
[    0.138918] pcpu-alloc: [0] 0 1 2 3 
[    0.138956] Kernel command line: virtme_hostname=virtme-ng nr_open=1048576 virtme_initmount0=home/yunwei37/workspace/namei_ext virtme_rw_overlay0=/etc virtme_rw_overlay1=/lib virtme_rw_overlay2=/home virtme_rw_overlay3=/opt virtme_rw_overlay4=/srv virtme_rw_overlay5=/usr virtme_rw_overlay6=/var virtme_rw_overlay7=/tmp virtme_rw_overlay8=/tmp console=ttyS0 earlyprintk=serial,ttyS0,115200 quiet loglevel=0 panic=-1 virtme.exec=`bWFrZSAtQyAvaG9tZS95dW53ZWkzNy93b3Jrc3BhY2UvbmFtZWlfZXh0IF9fZXhwZXJpbWVudF9idWlsZF9jYWNoZV9tYXRyaXggRU5BQkxFX0xFR0FDWV9ESUFHTk9TVElDUz0xIFJVTl9JRD0yMDI2MDcyM1QtYnVpbGQtY2FjaGUtc3RhdGUtcmVsZWFzZS12MSBCVUlMRF9DQUNIRV9TQU1QTEVTPTIwIFc0X0NDQUNIRV9CVUxLX1BPTElDWV9DT01QSUxFX1NBTVBMRVM9MjAgVzRfQ0NBQ0hFX0JVTEtfTkFUSVZFX0NPTVBJTEVfU0FNUExFUz0yMCBXNF9DQ0FDSEVfQlVMS19GVVNFX0NPTVBJTEVfU0FNUExFUz0yMCBXNF9DQ0FDSEVfQlVMS19DQUNIRV9TVEFURV9TQU1QTEVTPTIwIFc0X0NDQUNIRV9CVUxLX0NBQ0hFX1NUQVRFX09CSkVDVFM9MTY=` virtme_chdir=home/yunwei37/workspace/namei_ext rootfstype=9p \
[    0.144262] Kernel command line: rootflags=version=9p2000.L,trans=virtio,access=any raid=noautodetect ro quiet loglevel=1 loglevel=7 panic=30 oops=panic init=/home/yunwei37/.local/lib/python3.12/site-packages/virtme/guest/bin/virtme-ng-init
[    0.145683] Unknown kernel command line parameters "virtme_hostname=virtme-ng nr_open=1048576 virtme_initmount0=home/yunwei37/workspace/namei_ext virtme_rw_overlay0=/etc virtme_rw_overlay1=/lib virtme_rw_overlay2=/home virtme_rw_overlay3=/opt virtme_rw_overlay4=/srv virtme_rw_overlay5=/usr virtme_rw_overlay6=/var virtme_rw_overlay7=/tmp virtme_rw_overlay8=/tmp virtme_chdir=home/yunwei37/workspace/namei_ext", will be passed to user space.
[    0.148075] random: crng init done
[    0.148284] printk: log buffer data + meta data: 262144 + 917504 = 1179648 bytes
[    0.152680] Dentry cache hash table entries: 1048576 (order: 11, 8388608 bytes, linear)
[    0.155215] Inode-cache hash table entries: 524288 (order: 10, 4194304 bytes, linear)
[    0.155791] software IO TLB: area num 4.
[    0.220361] Fallback order for Node 0: 0 
[    0.220368] Built 1 zonelists, mobility grouping on.  Total pages: 2097022
[    0.221020] Policy zone: Normal
[    0.221202] mem auto-init: stack:all(zero), heap alloc:off, heap free:off
[    0.231310] SLUB: HWalign=64, Order=0-3, MinObjects=0, CPUs=4, Nodes=1
[    0.232384] Dynamic Preempt: lazy
[    0.233568] rcu: Preemptible hierarchical RCU implementation.
[    0.233919] rcu: 	RCU event tracing is enabled.
[    0.234182] rcu: 	RCU restricting CPUs from NR_CPUS=64 to nr_cpu_ids=4.
[    0.234561] 	Trampoline variant of Tasks RCU enabled.
[    0.234850] 	Tracing variant of Tasks RCU enabled.
[    0.235127] rcu: RCU calculated value of scheduler-enlistment delay is 100 jiffies.
[    0.235565] rcu: Adjusting geometry for rcu_fanout_leaf=16, nr_cpu_ids=4
[    0.235956] RCU Tasks: Setting shift to 2 and lim to 1 rcu_task_cb_adjust=1 rcu_task_cpu_ids=4.
[    0.238650] NR_IRQS: 4352, nr_irqs: 456, preallocated irqs: 16
[    0.239166] rcu: srcu_init: Setting srcu_struct sizes based on contention.
[    0.239650] Console: colour *CGA 80x25
[    0.239887] printk: legacy console [ttyS0] enabled
[    0.240449] printk: legacy bootconsole [earlyser0] disabled
[    0.241109] ACPI: Core revision 20251212
[    0.241429] clocksource: hpet: mask: 0xffffffff max_cycles: 0xffffffff, max_idle_ns: 19112604467 ns
[    0.242067] APIC: Switch to symmetric I/O mode setup
[    0.242507] x2apic enabled
[    0.242856] APIC: Switched APIC routing to: physical x2apic
[    0.243219] kvm-guest: APIC: send_IPI_mask() replaced with kvm_send_ipi_mask()
[    0.243650] kvm-guest: APIC: send_IPI_mask_allbutself() replaced with kvm_send_ipi_mask_allbutself()
[    0.244211] kvm-guest: setup PV IPIs
[    0.245081] ..TIMER: vector=0x30 apic1=0 pin1=2 apic2=-1 pin2=-1
[    0.245453] clocksource: tsc-early: mask: 0xffffffffffffffff max_cycles: 0x6a464ae9873, max_idle_ns: 881590529744 ns
[    0.246093] Calibrating delay loop (skipped) preset value.. 7372.80 BogoMIPS (lpj=3686400)
[    0.246695] x86/cpu: User Mode Instruction Prevention (UMIP) activated
[    0.247144] Last level iTLB entries: 4KB 0, 2MB 0, 4MB 0
[    0.247461] Last level dTLB entries: 4KB 0, 2MB 0, 4MB 0, 1GB 0
[    0.247818] mitigations: Enabled attack vectors: user_kernel, user_user, SMT mitigations: auto
[    0.248092] Speculative Store Bypass: Mitigation: Speculative Store Bypass disabled via prctl
[    0.248594] Spectre V2 : Mitigation: Enhanced / Automatic IBRS
[    0.249092] Spectre V1 : Mitigation: usercopy/swapgs barriers and __user pointer sanitization
[    0.249596] Spectre V2 : mitigation: Enabling conditional Indirect Branch Prediction Barrier
[    0.250108] x86/fpu: Supporting XSAVE feature 0x001: 'x87 floating point registers'
[    0.250591] x86/fpu: Supporting XSAVE feature 0x002: 'SSE registers'
[    0.251091] x86/fpu: Supporting XSAVE feature 0x004: 'AVX registers'
[    0.251484] x86/fpu: Supporting XSAVE feature 0x200: 'Protection Keys User registers'
[    0.251967] x86/fpu: xstate_offset[2]:  576, xstate_sizes[2]:  256
[    0.252091] x86/fpu: xstate_offset[9]:  832, xstate_sizes[9]:    8
[    0.252472] x86/fpu: Enabled xstate features 0x207, context size is 840 bytes, using 'compacted' format.
[    0.268945] pid_max: default: 32768 minimum: 301
[    0.269123] SELinux:  Initializing.
[    0.270099] Mount-cache hash table entries: 16384 (order: 5, 131072 bytes, linear)
[    0.270573] Mountpoint-cache hash table entries: 16384 (order: 5, 131072 bytes, linear)
[    0.271137] VFS: Finished mounting rootfs on nullfs
[    0.271569] smpboot: CPU0: Intel(R) Core(TM) Ultra 9 285K (family: 0x6, model: 0xc6, stepping: 0x2)
[    0.272091] Performance Events: unsupported CPU family 6 model 198 no PMU driver, software events only.
[    0.272127] signal: max sigframe size: 3632
[    0.272441] rcu: Hierarchical SRCU implementation.
[    0.272738] rcu: 	Max phase no-delay instances is 400.
[    0.273077] Timer migration: 1 hierarchy levels; 8 children per group; 1 crossnode level
[    0.273198] smp: Bringing up secondary CPUs ...
[    0.273555] smpboot: x86: Booting SMP configuration:
[    0.273873] .... node  #0, CPUs:      #1 #2 #3
[    0.275190] smp: Brought up 1 node, 4 CPUs
[    0.275740] smpboot: Total of 4 processors activated (29491.20 BogoMIPS)
[    0.276345] Memory: 8122240K/8388088K available (20125K kernel code, 3048K rwdata, 14964K rodata, 3036K init, 628K bss, 261272K reserved, 0K cma-reserved)
[    0.277405] devtmpfs: initialized
[    0.278101] clocksource: jiffies: mask: 0xffffffff max_cycles: 0xffffffff, max_idle_ns: 1911260446275000 ns
[    0.278717] posixtimers hash table entries: 2048 (order: 3, 32768 bytes, linear)
[    0.279098] futex hash table entries: 1024 (65536 bytes on 1 NUMA nodes, total 64 KiB, linear).
[    0.279732] PM: RTC time: 04:14:21, date: 2026-07-24
[    0.281268] NET: Registered PF_NETLINK/PF_ROUTE protocol family
[    0.281729] audit: initializing netlink subsys (disabled)
[    0.282120] audit: type=2000 audit(1784866462.019:1): state=initialized audit_enabled=0 res=1
[    0.282143] thermal_sys: Registered thermal governor 'step_wise'
[    0.283098] cpuidle: using governor menu
[    0.283790] Freeing SMP alternatives memory: 60K
[    0.284186] PCI: Using configuration type 1 for base access
[    0.284582] kprobes: kprobe jump-optimization is enabled. All kprobes are optimized if possible.
[    0.286145] HugeTLB: registered 2.00 MiB page size, pre-allocated 0 pages
[    0.286545] HugeTLB: 28 KiB vmemmap can be freed for a 2.00 MiB page
[    0.287379] ACPI: Added _OSI(Module Device)
[    0.287646] ACPI: Added _OSI(Processor Device)
[    0.287922] ACPI: Added _OSI(Processor Aggregator Device)
[    0.288537] ACPI: 1 ACPI AML tables successfully acquired and loaded
[    0.291098] ACPI: \_SB_: platform _OSC: OS support mask [002a7eee]
[    0.292168] ACPI: Interpreter enabled
[    0.292440] ACPI: PM: (supports S0 S3 S4 S5)
[    0.292729] ACPI: Using IOAPIC for interrupt routing
[    0.293041] PCI: Using host bridge windows from ACPI; if necessary, use "pci=nocrs" and report a bug
[    0.293093] PCI: Using E820 reservations for host bridge windows
[    0.293525] ACPI: Enabled 2 GPEs in block 00 to 0F
[    0.294910] ACPI: PCI Root Bridge [PCI0] (domain 0000 [bus 00-ff])
[    0.295095] acpi PNP0A03:00: _OSC: OS supports [ASPM ClockPM Segments MSI HPX-Type3]
[    0.295569] acpi PNP0A03:00: _OSC: not requesting OS control; OS requires [ExtendedConfig ASPM ClockPM MSI]
[    0.296095] acpi PNP0A03:00: _OSC: platform retains control of PCIe features (AE_ERROR)
[    0.296586] acpi PNP0A03:00: fail to add MMCONFIG information, can't access extended configuration space under this bridge
[    0.297164] PCI host bridge to bus 0000:00
[    0.297453] pci_bus 0000:00: root bus resource [io  0x0000-0x0cf7 window]
[    0.297870] pci_bus 0000:00: root bus resource [io  0x0d00-0xffff window]
[    0.298092] pci_bus 0000:00: root bus resource [mem 0x000a0000-0x000bffff window]
[    0.298568] pci_bus 0000:00: root bus resource [mem 0xc0000000-0xfebfffff window]
[    0.299026] pci_bus 0000:00: root bus resource [mem 0x380000000000-0x38007fffffff window]
[    0.299093] pci_bus 0000:00: root bus resource [bus 00-ff]
[    0.299458] pci 0000:00:00.0: [8086:1237] type 00 class 0x060000 conventional PCI endpoint
[    0.300252] pci 0000:00:01.0: [8086:7000] type 00 class 0x060100 conventional PCI endpoint
[    0.301093] pci 0000:00:01.1: [8086:7010] type 00 class 0x010180 conventional PCI endpoint
[    0.302115] pci 0000:00:01.1: BAR 4 [io  0xc200-0xc20f]
[    0.302464] pci 0000:00:01.1: BAR 0 [io  0x01f0-0x01f7]: legacy IDE quirk
[    0.302887] pci 0000:00:01.1: BAR 1 [io  0x03f6]: legacy IDE quirk
[    0.303092] pci 0000:00:01.1: BAR 2 [io  0x0170-0x0177]: legacy IDE quirk
[    0.303536] pci 0000:00:01.1: BAR 3 [io  0x0376]: legacy IDE quirk
[    0.304011] pci 0000:00:01.3: [8086:7113] type 00 class 0x068000 conventional PCI endpoint
[    0.304315] pci 0000:00:01.3: quirk: [io  0x0600-0x063f] claimed by PIIX4 ACPI
[    0.304802] pci 0000:00:01.3: quirk: [io  0x0700-0x070f] claimed by PIIX4 SMB
[    0.305288] pci 0000:00:02.0: [1af4:1009] type 00 class 0x000200 conventional PCI endpoint
[    0.307085] pci 0000:00:02.0: BAR 0 [io  0xc000-0xc03f]
[    0.307097] pci 0000:00:02.0: BAR 1 [mem 0xfebf7000-0xfebf7fff]
[    0.307483] pci 0000:00:02.0: BAR 4 [mem 0x380000000000-0x380000003fff 64bit pref]
[    0.308613] pci 0000:00:03.0: [1af4:1009] type 00 class 0x000200 conventional PCI endpoint
[    0.310098] pci 0000:00:03.0: BAR 0 [io  0xc040-0xc07f]
[    0.310440] pci 0000:00:03.0: BAR 1 [mem 0xfebf8000-0xfebf8fff]
[    0.310822] pci 0000:00:03.0: BAR 4 [mem 0x380000004000-0x380000007fff 64bit pref]
[    0.311637] pci 0000:00:04.0: [8086:25ab] type 00 class 0x088000 conventional PCI endpoint
[    0.312672] pci 0000:00:04.0: BAR 0 [mem 0xfebf9000-0xfebf900f]
[    0.313414] pci 0000:00:05.0: [1af4:1003] type 00 class 0x078000 conventional PCI endpoint
[    0.315093] pci 0000:00:05.0: BAR 0 [io  0xc080-0xc0bf]
[    0.315451] pci 0000:00:05.0: BAR 1 [mem 0xfebfa000-0xfebfafff]
[    0.315860] pci 0000:00:05.0: BAR 4 [mem 0x380000008000-0x38000000bfff 64bit pref]
[    0.316668] pci 0000:00:06.0: [1af4:1003] type 00 class 0x078000 conventional PCI endpoint
[    0.318004] pci 0000:00:06.0: BAR 0 [io  0xc0c0-0xc0ff]
[    0.318097] pci 0000:00:06.0: BAR 1 [mem 0xfebfb000-0xfebfbfff]
[    0.318480] pci 0000:00:06.0: BAR 4 [mem 0x38000000c000-0x38000000ffff 64bit pref]
[    0.319536] pci 0000:00:07.0: [1af4:1003] type 00 class 0x078000 conventional PCI endpoint
[    0.320681] pci 0000:00:07.0: BAR 0 [io  0xc100-0xc13f]
[    0.321009] pci 0000:00:07.0: BAR 1 [mem 0xfebfc000-0xfebfcfff]
[    0.321110] pci 0000:00:07.0: BAR 4 [mem 0x380000010000-0x380000013fff 64bit pref]
[    0.322138] pci 0000:00:08.0: [1af4:1003] type 00 class 0x078000 conventional PCI endpoint
[    0.323976] pci 0000:00:08.0: BAR 0 [io  0xc140-0xc17f]
[    0.324097] pci 0000:00:08.0: BAR 1 [mem 0xfebfd000-0xfebfdfff]
[    0.324935] pci 0000:00:08.0: BAR 4 [mem 0x380000014000-0x380000017fff 64bit pref]
[    0.325678] pci 0000:00:09.0: [1af4:1003] type 00 class 0x078000 conventional PCI endpoint
[    0.326954] pci 0000:00:09.0: BAR 0 [io  0xc180-0xc1bf]
[    0.327097] pci 0000:00:09.0: BAR 1 [mem 0xfebfe000-0xfebfefff]
[    0.327478] pci 0000:00:09.0: BAR 4 [mem 0x380000018000-0x38000001bfff 64bit pref]
[    0.328530] pci 0000:00:0a.0: [1af4:1003] type 00 class 0x078000 conventional PCI endpoint
[    0.329638] pci 0000:00:0a.0: BAR 0 [io  0xc1c0-0xc1ff]
[    0.329966] pci 0000:00:0a.0: BAR 1 [mem 0xfebff000-0xfebfffff]
[    0.330110] pci 0000:00:0a.0: BAR 4 [mem 0x38000001c000-0x38000001ffff 64bit pref]
[    0.332573] ACPI: PCI: Interrupt link LNKA configured for IRQ 10
[    0.332991] ACPI: PCI: Interrupt link LNKB configured for IRQ 10
[    0.333136] ACPI: PCI: Interrupt link LNKC configured for IRQ 11
[    0.333851] ACPI: PCI: Interrupt link LNKD configured for IRQ 11
[    0.334116] ACPI: PCI: Interrupt link LNKS configured for IRQ 9
[    0.334697] iommu: Default domain type: Translated
[    0.335015] iommu: DMA domain TLB invalidation policy: lazy mode
[    0.336126] SCSI subsystem initialized
[    0.337098] libata version 3.00 loaded.
[    0.337110] ACPI: bus type USB registered
[    0.337384] usbcore: registered new interface driver usbfs
[    0.337727] usbcore: registered new interface driver hub
[    0.338095] usbcore: registered new device driver usb
[    0.338418] pps_core: LinuxPPS API ver. 1 registered
[    0.338726] pps_core: Software ver. 5.3.6 - Copyright 2005-2007 Rodolfo Giometti <giometti@linux.it>
[    0.339093] PTP clock support registered
[    0.339354] Advanced Linux Sound Architecture Driver Initialized.
[    0.339619] NetLabel: Initializing
[    0.340093] NetLabel:  domain hash size = 128
[    0.340375] NetLabel:  protocols = UNLABELED CIPSOv4 CALIPSO
[    0.340730] NetLabel:  unlabeled traffic allowed by default
[    0.341096] PCI: Using ACPI for IRQ routing
[    0.341388] PCI: pci_cache_line_size set to 64 bytes
[    0.341505] e820: register RAM buffer resource [mem 0x0009fc00-0x0009ffff]
[    0.341927] e820: register RAM buffer resource [mem 0xbffe0000-0xbfffffff]
[    0.342103] vgaarb: loaded
[    0.342329] hpet0: at MMIO 0xfed00000, IRQs 2, 8, 0
[    0.342640] hpet0: 3 comparators, 64-bit 100.000000 MHz counter
[    0.346119] clocksource: Switched to clocksource kvm-clock
[    0.346517] VFS: Disk quotas dquot_6.6.0
[    0.346780] VFS: Dquot-cache hash table entries: 512 (order 0, 4096 bytes)
[    0.347307] pnp: PnP ACPI init
[    0.347672] pnp 00:02: [dma 2]
[    0.347841] pnp: PnP ACPI: found 4 devices
[    0.354802] clocksource: acpi_pm: mask: 0xffffff max_cycles: 0xffffff, max_idle_ns: 2085701024 ns
[    0.355596] NET: Registered PF_INET protocol family
[    0.357559] IP idents hash table entries: 131072 (order: 8, 1048576 bytes, linear)
[    0.371182] tcp_listen_portaddr_hash hash table entries: 4096 (order: 4, 65536 bytes, linear)
[    0.371940] Table-perturb hash table entries: 65536 (order: 6, 262144 bytes, linear)
[    0.372612] TCP established hash table entries: 65536 (order: 7, 524288 bytes, linear)
[    0.373326] TCP bind hash table entries: 65536 (order: 9, 2097152 bytes, linear)
[    0.374082] TCP: Hash tables configured (established 65536 bind 65536)
[    0.374677] UDP hash table entries: 4096 (order: 6, 262144 bytes, linear)
[    0.375308] NET: Registered PF_UNIX/PF_LOCAL protocol family
[    0.376088] RPC: Registered named UNIX socket transport module.
[    0.376617] RPC: Registered udp transport module.
[    0.377033] RPC: Registered tcp transport module.
[    0.377439] RPC: Registered tcp-with-tls transport module.
[    0.377918] RPC: Registered tcp NFSv4.1 backchannel transport module.
[    0.379084] pci_bus 0000:00: resource 4 [io  0x0000-0x0cf7 window]
[    0.379650] pci_bus 0000:00: resource 5 [io  0x0d00-0xffff window]
[    0.380193] pci_bus 0000:00: resource 6 [mem 0x000a0000-0x000bffff window]
[    0.380795] pci_bus 0000:00: resource 7 [mem 0xc0000000-0xfebfffff window]
[    0.381380] pci_bus 0000:00: resource 8 [mem 0x380000000000-0x38007fffffff window]
[    0.382085] pci 0000:00:01.0: PIIX3: Enabling Passive Release
[    0.382597] pci 0000:00:00.0: Limiting direct PCI/PCI transfers
[    0.383210] PCI: CLS 0 bytes, default 64
[    0.383598] PCI-DMA: Using software bounce buffering for IO (SWIOTLB)
[    0.384159] software IO TLB: mapped [mem 0x00000000bbfe0000-0x00000000bffe0000] (64MB)
[    0.384904] RAPL PMU: API unit is 2^-32 Joules, 0 fixed counters, 10737418240 ms ovfl timer
[    0.385636] clocksource: tsc: mask: 0xffffffffffffffff max_cycles: 0x6a464ae9873, max_idle_ns: 881590529744 ns
[    0.389548] Initialise system trusted keyrings
[    0.390002] workingset: timestamp_bits=56 (anon: 52) max_order=21 bucket_order=0 (anon: 0)
[    0.392140] NFS: Registering the id_resolver key type
[    0.392592] Key type id_resolver registered
[    0.392971] Key type id_legacy registered
[    0.393319] nfs4filelayout_init: NFSv4 File Layout Driver Registering...
[    0.393907] nfs4flexfilelayout_init: NFSv4 Flexfile Layout Driver Registering...
[    0.394590] fuse: init (API version 7.45)
[    0.394988] 9p: Installing v9fs 9p2000 file system support
[    0.395796] Key type asymmetric registered
[    0.396152] Asymmetric key parser 'x509' registered
[    0.396586] Block layer SCSI generic (bsg) driver version 0.4 loaded (major 251)
[    0.397241] io scheduler mq-deadline registered
[    0.397641] io scheduler kyber registered
[    0.398310] input: Power Button as /devices/platform/LNXPWRBN:00/input/input0
[    0.398978] ACPI: button: Power Button [PWRF]
[    0.400191] ACPI: \_SB_.LNKB: Enabled at IRQ 10
[    0.402134] ACPI: \_SB_.LNKC: Enabled at IRQ 11
[    0.403856] ACPI: \_SB_.LNKA: Enabled at IRQ 10
[    0.407940] ACPI: \_SB_.LNKD: Enabled at IRQ 11
[    0.411633] Serial: 8250/16550 driver, 4 ports, IRQ sharing enabled
[    0.412575] 00:03: ttyS0 at I/O 0x3f8 (irq = 4, base_baud = 115200) is a 16550A
[    0.499964] Non-volatile memory driver v1.3
[    0.500447] ACPI: bus type drm_connector registered
[    0.503288] loop: module loaded
[    0.504578] scsi host0: ata_piix
[    0.505099] scsi host1: ata_piix
[    0.505402] ata1: PATA max MWDMA2 cmd 0x1f0 ctl 0x3f6 bmdma 0xc200 irq 14 lpm-pol 0
[    0.506105] ata2: PATA max MWDMA2 cmd 0x170 ctl 0x376 bmdma 0xc208 irq 15 lpm-pol 0
[    0.506886] e100: Intel(R) PRO/100 Network Driver
[    0.507370] e100: Copyright(c) 1999-2006 Intel Corporation
[    0.507910] e1000: Intel(R) PRO/1000 Network Driver
[    0.508336] e1000: Copyright (c) 1999-2006 Intel Corporation.
[    0.508877] e1000e: Intel(R) PRO/1000 Network Driver
[    0.509309] e1000e: Copyright(c) 1999 - 2015 Intel Corporation.
[    0.509856] sky2: driver version 1.30
[    0.510272] usbcore: registered new interface driver usblp
[    0.510786] usbcore: registered new interface driver usb-storage
[    0.511333] i8042: PNP: PS/2 Controller [PNP0303:KBD,PNP0f13:MOU] at 0x60,0x64 irq 1,12
[    0.512612] serio: i8042 KBD port at 0x60,0x64 irq 1
[    0.513071] serio: i8042 AUX port at 0x60,0x64 irq 12
[    0.513624] rtc_cmos PNP0B00:00: RTC can wake from S4
[    0.514453] rtc_cmos PNP0B00:00: registered as rtc0
[    0.515019] rtc_cmos PNP0B00:00: alarms up to one day, y3k, 242 bytes nvram, hpet irqs
[    0.515809] device-mapper: ioctl: 4.50.0-ioctl (2025-04-28) initialised: dm-devel@lists.linux.dev
[    0.516610] intel_pstate: CPU model not supported
[    0.517076] hid: raw HID events driver (C) Jiri Kosina
[    0.517584] usbcore: registered new interface driver usbhid
[    0.518099] usbhid: USB HID core driver
[    0.520905] input: AT Translated Set 2 keyboard as /devices/platform/i8042/serio0/input/input1
[    0.521788] Initializing XFRM netlink socket
[    0.522194] NET: Registered PF_INET6 protocol family
[    0.523277] Segment Routing with IPv6
[    0.523761] In-situ OAM (IOAM) with IPv6
[    0.524253] NET: Registered PF_PACKET protocol family
[    0.524914] 9pnet: Installing 9P2000 support
[    0.526749] Key type dns_resolver registered
[    0.527389] IPI shorthand broadcast: enabled
[    0.529306] sched_clock: Marking stable (526001880, 2519087)->(541858309, -13337342)
[    0.530082] registered taskstats version 1
[    0.530417] Loading compiled-in X.509 certificates
[    0.533015] Demotion targets for Node 0: null
[    0.533357] PM:   Magic number: 2:400:212
[    0.533683] netconsole: network logging started
[    0.534122] cfg80211: Loading compiled-in X.509 certificates for regulatory database
[    0.534953] kworker/u16:2 (67) used greatest stack depth: 14488 bytes left
[    0.535266] Loaded X.509 cert 'sforshee: 00b28ddf47aef9cea7'
[    0.536036] Loaded X.509 cert 'wens: 61c038651aabdcf94bd0ac7ff06c7248db18c600'
[    0.536490] ALSA device list:
[    0.536684]   No soundcards found.
[    0.537085] faux_driver regulatory: Direct firmware load for regulatory.db failed with error -2
[    0.537437] cfg80211: failed to load regulatory.db
[    0.658043] ata2: found unknown device (class 0)
[    0.658923] ata2.00: ATAPI: QEMU DVD-ROM, 2.5+, max UDMA/100
[    0.660351] scsi 1:0:0:0: CD-ROM            QEMU     QEMU DVD-ROM     2.5+ PQ: 0 ANSI: 5
[    0.677313] sr 1:0:0:0: [sr0] scsi3-mmc drive: 4x/4x cd/rw xa/form2 tray
[    0.690044] cdrom: Uniform CD-ROM driver Revision: 3.20
[    0.696227] sr 1:0:0:0: Attached scsi CD-ROM sr0
[    0.696322] sr 1:0:0:0: Attached scsi generic sg0 type 5
[    0.938864] input: ImExPS/2 Generic Explorer Mouse as /devices/platform/i8042/serio1/input/input3
[    0.939654] md: Skipping autodetection of RAID arrays. (raid=autodetect will force)
[    0.940048] 9p: Bad value for 'source'
[    0.941101] VFS: Mounted root (9p filesystem) readonly on device 0:20.
[    0.941568] devtmpfs: mounted
[    0.941867] VFS: Pivoted into new rootfs
[    0.942755] Freeing unused kernel image (initmem) memory: 3036K
[    0.943024] Write protecting the kernel read-only data: 36864k
[    0.944020] Freeing unused kernel image (text/rodata gap) memory: 352K
[    0.944698] Freeing unused kernel image (rodata/data gap) memory: 1420K
[    0.949458] x86/mm: Checked W+X mappings: passed, no W+X pages found.
[    0.949724] Run /home/yunwei37/.local/lib/python3.12/site-packages/virtme/guest/bin/virtme-ng-init as init process
[    0.950162]   with arguments:
[    0.950162]     /home/yunwei37/.local/lib/python3.12/site-packages/virtme/guest/bin/virtme-ng-init
[    0.950163]   with environment:
[    0.950163]     HOME=/
[    0.950164]     TERM=linux
[    0.950164]     virtme_hostname=virtme-ng
[    0.950164]     nr_open=1048576
[    0.950165]     virtme_initmount0=home/yunwei37/workspace/namei_ext
[    0.950165]     virtme_rw_overlay0=/etc
[    0.950165]     virtme_rw_overlay1=/lib
[    0.950166]     virtme_rw_overlay2=/home
[    0.950166]     virtme_rw_overlay3=/opt
[    0.950166]     virtme_rw_overlay4=/srv
[    0.950167]     virtme_rw_overlay5=/usr
[    0.950167]     virtme_rw_overlay6=/var
[    0.950167]     virtme_rw_overlay7=/tmp
[    0.950168]     virtme_rw_overlay8=/tmp
[    0.950168]     virtme_chdir=home/yunwei37/workspace/namei_ext
[    0.969551] virtme-ng-init: mount devtmpfs -> /dev: EBUSY: Device or resource busy
[    1.249632] clocksource: Watchdog remote CPU 1 read timed out
[    1.337233] systemd-tmpfile (72) used greatest stack depth: 12920 bytes left
[    1.337370] virtme-ng-init: Failed to open path '/var/lib/containers/storage': Permission denied
               Failed to opendir() '/proc/self/fd/5': Permission denied
[    1.361145] ip (76) used greatest stack depth: 12504 bytes left
[    1.367523] virtme-ng-init: Starting systemd-udevd version 255.4-1ubuntu8.16
[    1.367867] virtme-ng-init: triggering udev coldplug
[    2.225965] virtme-ng-init: waiting for udev to settle
[    2.387908] virtme-ng-init: udev is done
[    2.388906] virtme-ng-init: initialization done
[   19.786684] gcc (289) used greatest stack depth: 12432 bytes left
